10419173109669527122
7006318014672929203
1555555
zero
two
other
n-two
big
small
n-big
both
not-both
lt
ge
ge
(True, False)
(False, True)
True
False
True
True
True
False
True
False
[False, True, True]
True
(False, True)
(False, True)
True
[False, True, True]
True
False
True
False
[False, True, False, False]
1
[True, False, True, False]
(True, (False, True))
[False, True, True, True, False]
[False, False, False, False]
[True, True, False, False]
(False, True)
["io", "io", "jn", "jn", "io", "j0"]
["other", "one", "other", "other"]
["zero", "nonzero", "nonzero", "nonzero"]
["z", "o", "many", "many"]
["fs6", "s5", "fs6", "fs6"]
["zt", "nz7", "nz7", "nz7"]
["fs6", "s5", "fs6", "fs6"]
["u9", "fu10"]
(["a5", "fb7", "fc6"], ["fa6", "b5", "fc6"])
["u9", "fu11", "fu10"]
["H1", "Hn1", "Hn3", "Hn0"]
["HN2", "HN1", "HN3", "HZ"]
[1302, 306, 596]
["g", "other", "k", "other"]
["other", "g", "other", "k", "k"]
["p1", "po", "po", "po", "p1"]
["q0", "qn", "qn", "qn", "q0"]
