fieldborrow.rcexpr: TestFieldReadAfterScrutineeDrop: v2 use-after-free (dup)
fieldborrow.rcexpr: TestFieldReadAfterScrutineeDrop: v3 use-after-free (con args)
fieldborrow.rcexpr: TestFieldReadAfterScrutineeDrop: v4 use-after-free (con args)
fieldborrow.rcexpr: TestNestedFieldAfterOuterDrop: v3 use-after-free (RV)
fieldborrow.rcexpr: TestDropOfBorrowedField: v2 double-drop (drop)
fieldborrow.rcexpr: TestFieldReadAfterScrutineeDrop: v4 over-consume (con args)
fieldborrow.rcexpr: TestFieldReadAfterScrutineeDrop: v3 over-consume (con args)
fieldborrow.rcexpr: TestNestedFieldAfterOuterDrop: v3 over-consume (RV)
fieldborrow.rcexpr: TestNestedFieldAfterOuterDrop: v4 leak (path end: return)
fieldborrow.rcexpr: TestDropOfBorrowedField: v2 over-consume (drop)
rcexpr-lint: 10 anomalies found
metrics (places in the IR, not executions):
  definitions        5  (functions 5, workers 0, constructors 0, foreign 0, error 0)
  con                1  (fresh 1, reusing a cell 0)
  retpack            0  (constructors returned by value, no cell)
  partial            0  (closures built)
  apply              0  (closure calls)
  call               0  (plain 0, callRep 0, FFI inline 0)
  op                 0  (op 0, extprim 0)
  let                1  (Boxed 1, native 0)
  case               6  (constructor 6, constant 0, cmp 0)
  dup                3  (increments, in 3 dup nodes)
  drop               4  (decrements, in 4 drop nodes)
  postDrop           1  (decrements attached to another node: postDrop, dropOnUnique, prologueDrop)
  free               0
  reuseOffer         1  (releaseReuse 1)
  loop               0  (continue 0)
  memoize            0
  delay              0  (lazy cells built)
  force              0
  crash              0
