rcexpr-lint: typedcase.rcexpr: 3 defs, no anomalies found
metrics (places in the IR, not executions):
  definitions        3  (functions 3, workers 0, constructors 0, foreign 0, error 0)
  con                0  (fresh 0, reusing a cell 0)
  retpack            0  (constructors returned by value, no cell)
  partial            0  (closures built)
  apply              0  (closure calls)
  call               0  (plain 0, callRep 0, FFI inline 0)
  op                 0  (op 0, extprim 0)
  let                0  (Boxed 0, native 0)
  case               4  (constructor 1, constant 3, cmp 0)
  dup                0  (increments, in 0 dup nodes)
  drop               4  (decrements, in 4 drop nodes)
  postDrop           0  (decrements attached to another node: postDrop, dropOnUnique, prologueDrop)
  free               0
  reuseOffer         0  (releaseReuse 0)
  loop               0  (continue 0)
  memoize            0
  delay              0  (lazy cells built)
  force              0
  crash              0
