--- Text.Regex.POSIX ---
groupCount: 2
matches: True
match: Just [Just "foo=42", Just "foo", Just "42"]
no match: Nothing
alt on b: Just [Just "b", Nothing, Just "b"]
alt on a: Just [Just "a", Just "a", Nothing]
empty group: Just [Just "xy", Just ""]
ignoreCase: True
matchAll: [[Just "12"], [Just "345"], [Just "9"]]
replaceFirst: [a=1] b:2
replaceAll: [a=1] [b=2]
BRE backref (has dd): True
BRE backref (no double): False
utf8 match: Just [Just [99, 97, 102, 233, 61, 945, 946], Just [99, 97, 102, 233], Just [945, 946]]
utf8 replaceAll: [945, 35, 946, 35, 947]
invalid rejected
--- done ---
