woof0 WOOF!!
woof1 WOOF!!
woof2 WOOF!!
woof3 WOOF!!
woof4 WOOF!!
woof5 WOOF!!
woof6 WOOF!!
woof7 WOOF!!
woof8 WOOF!!
woof9 WOOF!!
woof10 WOOF!!
woof11 WOOF!!
woof12 WOOF!!
woof13 WOOF!!
woof14 WOOF!!
woof15 WOOF!!
woof16 WOOF!!
woof17 WOOF!!
woof18 WOOF!!
woof19 WOOF!!
woof20 WOOF!!
woof21 WOOF!!
woof22 WOOF!!
woof23 WOOF!!
woof24 WOOF!!
woof25 WOOF!!
woof26 WOOF!!
woof27 WOOF!!
woof28 WOOF!!
woof29 WOOF!!
woof30 WOOF!!
woof31 WOOF!!
woof32 WOOF!!
woof33 WOOF!!
woof34 WOOF!!
woof35 WOOF!!
woof36 WOOF!!
woof37 WOOF!!
woof38 WOOF!!
woof39 WOOF!!
woof40 WOOF!!
woof41 WOOF!!
woof42 WOOF!!
woof43 WOOF!!
woof44 WOOF!!
woof45 WOOF!!
woof46 WOOF!!
woof47 WOOF!!
woof48 WOOF!!
woof49 WOOF!!
woof50 WOOF!!
woof51 WOOF!!
woof52 WOOF!!
woof53 WOOF!!
woof54 WOOF!!
woof55 WOOF!!
woof56 WOOF!!
woof57 WOOF!!
woof58 WOOF!!
woof59 WOOF!!
woof60 WOOF!!
woof61 WOOF!!
woof62 WOOF!!
woof63 WOOF!!
woof64 WOOF!!
woof65 WOOF!!
woof66 WOOF!!
woof67 WOOF!!
woof68 WOOF!!
woof69 WOOF!!
woof70 WOOF!!
woof71 WOOF!!
woof72 WOOF!!
woof73 WOOF!!
woof74 WOOF!!
woof75 WOOF!!
woof76 WOOF!!
woof77 WOOF!!
woof78 WOOF!!
woof79 WOOF!!
woof80 WOOF!!
woof81 WOOF!!
woof82 WOOF!!
woof83 WOOF!!
woof84 WOOF!!
woof85 WOOF!!
woof86 WOOF!!
woof87 WOOF!!
woof88 WOOF!!
woof89 WOOF!!
woof90 WOOF!!
woof91 WOOF!!
woof92 WOOF!!
woof93 WOOF!!
woof94 WOOF!!
woof95 WOOF!!
woof96 WOOF!!
woof97 WOOF!!
woof98 WOOF!!
woof99 WOOF!!
woof100 WOOF!!
woof101 WOOF!!
woof102 WOOF!!
woof103 WOOF!!
woof104 WOOF!!
woof105 WOOF!!
woof106 WOOF!!
woof107 WOOF!!
woof108 WOOF!!
woof109 WOOF!!
woof110 WOOF!!
woof111 WOOF!!
woof112 WOOF!!
woof113 WOOF!!
woof114 WOOF!!
woof115 WOOF!!
woof116 WOOF!!
woof117 WOOF!!
woof118 WOOF!!
woof119 WOOF!!
woof120 WOOF!!
woof121 WOOF!!
woof122 WOOF!!
woof123 WOOF!!
woof124 WOOF!!
woof125 WOOF!!
woof126 WOOF!!
woof127 WOOF!!
woof128 WOOF!!
woof129 WOOF!!
woof130 WOOF!!
woof131 WOOF!!
woof132 WOOF!!
woof133 WOOF!!
woof134 WOOF!!
woof135 WOOF!!
woof136 WOOF!!
woof137 WOOF!!
woof138 WOOF!!
woof139 WOOF!!
woof140 WOOF!!
woof141 WOOF!!
woof142 WOOF!!
woof143 WOOF!!
woof144 WOOF!!
woof145 WOOF!!
woof146 WOOF!!
woof147 WOOF!!
woof148 WOOF!!
woof149 WOOF!!
woof150 WOOF!!
woof151 WOOF!!
woof152 WOOF!!
woof153 WOOF!!
woof154 WOOF!!
woof155 WOOF!!
woof156 WOOF!!
woof157 WOOF!!
woof158 WOOF!!
woof159 WOOF!!
woof160 WOOF!!
woof161 WOOF!!
woof162 WOOF!!
woof163 WOOF!!
woof164 WOOF!!
woof165 WOOF!!
woof166 WOOF!!
woof167 WOOF!!
woof168 WOOF!!
woof169 WOOF!!
woof170 WOOF!!
woof171 WOOF!!
woof172 WOOF!!
woof173 WOOF!!
woof174 WOOF!!
woof175 WOOF!!
woof176 WOOF!!
woof177 WOOF!!
woof178 WOOF!!
woof179 WOOF!!
woof180 WOOF!!
woof181 WOOF!!
woof182 WOOF!!
woof183 WOOF!!
woof184 WOOF!!
woof185 WOOF!!
woof186 WOOF!!
woof187 WOOF!!
woof188 WOOF!!
woof189 WOOF!!
woof190 WOOF!!
woof191 WOOF!!
woof192 WOOF!!
woof193 WOOF!!
woof194 WOOF!!
woof195 WOOF!!
woof196 WOOF!!
woof197 WOOF!!
woof198 WOOF!!
woof199 WOOF!!
woof200 WOOF!!
woof201 WOOF!!
woof202 WOOF!!
woof203 WOOF!!
woof204 WOOF!!
woof205 WOOF!!
woof206 WOOF!!
woof207 WOOF!!
woof208 WOOF!!
woof209 WOOF!!
woof210 WOOF!!
woof211 WOOF!!
woof212 WOOF!!
woof213 WOOF!!
woof214 WOOF!!
woof215 WOOF!!
woof216 WOOF!!
woof217 WOOF!!
woof218 WOOF!!
woof219 WOOF!!
woof220 WOOF!!
woof221 WOOF!!
woof222 WOOF!!
woof223 WOOF!!
woof224 WOOF!!
woof225 WOOF!!
woof226 WOOF!!
woof227 WOOF!!
woof228 WOOF!!
woof229 WOOF!!
woof230 WOOF!!
woof231 WOOF!!
woof232 WOOF!!
woof233 WOOF!!
woof234 WOOF!!
woof235 WOOF!!
woof236 WOOF!!
woof237 WOOF!!
woof238 WOOF!!
woof239 WOOF!!
woof240 WOOF!!
woof241 WOOF!!
woof242 WOOF!!
woof243 WOOF!!
woof244 WOOF!!
woof245 WOOF!!
woof246 WOOF!!
woof247 WOOF!!
woof248 WOOF!!
woof249 WOOF!!
woof250 WOOF!!
woof251 WOOF!!
woof252 WOOF!!
woof253 WOOF!!
woof254 WOOF!!
woof255 WOOF!!
woof256 WOOF!!
woof257 WOOF!!
woof258 WOOF!!
woof259 WOOF!!
woof260 WOOF!!
woof261 WOOF!!
woof262 WOOF!!
woof263 WOOF!!
woof264 WOOF!!
woof265 WOOF!!
woof266 WOOF!!
woof267 WOOF!!
woof268 WOOF!!
woof269 WOOF!!
woof270 WOOF!!
woof271 WOOF!!
woof272 WOOF!!
woof273 WOOF!!
woof274 WOOF!!
woof275 WOOF!!
woof276 WOOF!!
woof277 WOOF!!
woof278 WOOF!!
woof279 WOOF!!
woof280 WOOF!!
woof281 WOOF!!
woof282 WOOF!!
woof283 WOOF!!
woof284 WOOF!!
woof285 WOOF!!
woof286 WOOF!!
woof287 WOOF!!
woof288 WOOF!!
woof289 WOOF!!
woof290 WOOF!!
woof291 WOOF!!
woof292 WOOF!!
woof293 WOOF!!
woof294 WOOF!!
woof295 WOOF!!
woof296 WOOF!!
woof297 WOOF!!
woof298 WOOF!!
woof299 WOOF!!
woof300 WOOF!!
woof301 WOOF!!
woof302 WOOF!!
woof303 WOOF!!
woof304 WOOF!!
woof305 WOOF!!
woof306 WOOF!!
woof307 WOOF!!
woof308 WOOF!!
woof309 WOOF!!
woof310 WOOF!!
woof311 WOOF!!
woof312 WOOF!!
woof313 WOOF!!
woof314 WOOF!!
woof315 WOOF!!
woof316 WOOF!!
woof317 WOOF!!
woof318 WOOF!!
woof319 WOOF!!
woof320 WOOF!!
woof321 WOOF!!
woof322 WOOF!!
woof323 WOOF!!
woof324 WOOF!!
woof325 WOOF!!
woof326 WOOF!!
woof327 WOOF!!
woof328 WOOF!!
woof329 WOOF!!
woof330 WOOF!!
woof331 WOOF!!
woof332 WOOF!!
woof333 WOOF!!
woof334 WOOF!!
woof335 WOOF!!
woof336 WOOF!!
woof337 WOOF!!
woof338 WOOF!!
woof339 WOOF!!
woof340 WOOF!!
woof341 WOOF!!
woof342 WOOF!!
woof343 WOOF!!
woof344 WOOF!!
woof345 WOOF!!
woof346 WOOF!!
woof347 WOOF!!
woof348 WOOF!!
woof349 WOOF!!
woof350 WOOF!!
woof351 WOOF!!
woof352 WOOF!!
woof353 WOOF!!
woof354 WOOF!!
woof355 WOOF!!
woof356 WOOF!!
woof357 WOOF!!
woof358 WOOF!!
woof359 WOOF!!
woof360 WOOF!!
woof361 WOOF!!
woof362 WOOF!!
woof363 WOOF!!
woof364 WOOF!!
woof365 WOOF!!
woof366 WOOF!!
woof367 WOOF!!
woof368 WOOF!!
woof369 WOOF!!
woof370 WOOF!!
woof371 WOOF!!
woof372 WOOF!!
woof373 WOOF!!
woof374 WOOF!!
woof375 WOOF!!
woof376 WOOF!!
woof377 WOOF!!
woof378 WOOF!!
woof379 WOOF!!
woof380 WOOF!!
woof381 WOOF!!
woof382 WOOF!!
woof383 WOOF!!
woof384 WOOF!!
woof385 WOOF!!
woof386 WOOF!!
woof387 WOOF!!
woof388 WOOF!!
woof389 WOOF!!
woof390 WOOF!!
woof391 WOOF!!
woof392 WOOF!!
woof393 WOOF!!
woof394 WOOF!!
woof395 WOOF!!
woof396 WOOF!!
woof397 WOOF!!
woof398 WOOF!!
woof399 WOOF!!
woof400 WOOF!!
woof401 WOOF!!
woof402 WOOF!!
woof403 WOOF!!
woof404 WOOF!!
woof405 WOOF!!
woof406 WOOF!!
woof407 WOOF!!
woof408 WOOF!!
woof409 WOOF!!
woof410 WOOF!!
woof411 WOOF!!
woof412 WOOF!!
woof413 WOOF!!
woof414 WOOF!!
woof415 WOOF!!
woof416 WOOF!!
woof417 WOOF!!
woof418 WOOF!!
woof419 WOOF!!
woof420 WOOF!!
woof421 WOOF!!
woof422 WOOF!!
woof423 WOOF!!
woof424 WOOF!!
woof425 WOOF!!
woof426 WOOF!!
woof427 WOOF!!
woof428 WOOF!!
woof429 WOOF!!
woof430 WOOF!!
woof431 WOOF!!
woof432 WOOF!!
woof433 WOOF!!
woof434 WOOF!!
woof435 WOOF!!
woof436 WOOF!!
woof437 WOOF!!
woof438 WOOF!!
woof439 WOOF!!
woof440 WOOF!!
woof441 WOOF!!
woof442 WOOF!!
woof443 WOOF!!
woof444 WOOF!!
woof445 WOOF!!
woof446 WOOF!!
woof447 WOOF!!
woof448 WOOF!!
woof449 WOOF!!
woof450 WOOF!!
woof451 WOOF!!
woof452 WOOF!!
woof453 WOOF!!
woof454 WOOF!!
woof455 WOOF!!
woof456 WOOF!!
woof457 WOOF!!
woof458 WOOF!!
woof459 WOOF!!
woof460 WOOF!!
woof461 WOOF!!
woof462 WOOF!!
woof463 WOOF!!
woof464 WOOF!!
woof465 WOOF!!
woof466 WOOF!!
woof467 WOOF!!
woof468 WOOF!!
woof469 WOOF!!
woof470 WOOF!!
woof471 WOOF!!
woof472 WOOF!!
woof473 WOOF!!
woof474 WOOF!!
woof475 WOOF!!
woof476 WOOF!!
woof477 WOOF!!
woof478 WOOF!!
woof479 WOOF!!
woof480 WOOF!!
woof481 WOOF!!
woof482 WOOF!!
woof483 WOOF!!
woof484 WOOF!!
woof485 WOOF!!
woof486 WOOF!!
woof487 WOOF!!
woof488 WOOF!!
woof489 WOOF!!
woof490 WOOF!!
woof491 WOOF!!
woof492 WOOF!!
woof493 WOOF!!
woof494 WOOF!!
woof495 WOOF!!
woof496 WOOF!!
woof497 WOOF!!
woof498 WOOF!!
woof499 WOOF!!
